[debug] [2026-06-03T12:47:56.297Z] ----------------------------------------------------------------------
[debug] [2026-06-03T12:47:56.299Z] Command:       C:\Program Files\nodejs\node.exe C:\Users\prate\AppData\Roaming\npm\node_modules\firebase-tools\lib\bin\firebase.js init
[debug] [2026-06-03T12:47:56.299Z] CLI Version:   15.19.0
[debug] [2026-06-03T12:47:56.299Z] Platform:      win32
[debug] [2026-06-03T12:47:56.299Z] Node Version:  v24.16.0
[debug] [2026-06-03T12:47:56.299Z] Time:          Wed Jun 03 2026 18:17:56 GMT+0530 (India Standard Time)
[debug] [2026-06-03T12:47:56.300Z] ----------------------------------------------------------------------
[debug] 
[info] 
     ######## #### ########  ######## ########     ###     ######  ########
     ##        ##  ##     ## ##       ##     ##  ##   ##  ##       ##
     ######    ##  ########  ######   ########  #########  ######  ######
     ##        ##  ##    ##  ##       ##     ## ##     ##       ## ##
     ##       #### ##     ## ######## ########  ##     ##  ######  ########

You're about to initialize a Firebase project in this directory:

  D:\Documents\Projects\portfolio-final\my-portfolio

Before we get started, keep in mind:

  * You are initializing within an existing Firebase project directory

[info] 
=== Project Setup
[info] 
[info] First, let's associate this project directory with a Firebase project.
[info] You can create multiple project aliases by running firebase use --add, 
[info] 
[debug] [2026-06-03T12:48:08.797Z] > command requires scopes: ["email","openid","https://www.googleapis.com/auth/cloudplatformprojects.readonly","https://www.googleapis.com/auth/firebase","https://www.googleapis.com/auth/cloud-platform"]
[debug] [2026-06-03T12:48:08.797Z] > authorizing via signed-in user (dahiyaprateek27@gmail.com)
[debug] [2026-06-03T12:48:08.800Z] Checked if tokens are valid: true, expires at: 1780493063690
[debug] [2026-06-03T12:48:08.800Z] Checked if tokens are valid: true, expires at: 1780493063690
[debug] [2026-06-03T12:48:08.802Z] >>> [apiv2][query] GET https://firebase.googleapis.com/v1beta1/projects/canvas-fulcrum-386304 [none]
[debug] [2026-06-03T12:48:09.400Z] <<< [apiv2][status] GET https://firebase.googleapis.com/v1beta1/projects/canvas-fulcrum-386304 200
[debug] [2026-06-03T12:48:09.401Z] <<< [apiv2][body] GET https://firebase.googleapis.com/v1beta1/projects/canvas-fulcrum-386304 {"projectId":"canvas-fulcrum-386304","projectNumber":"202094663984","displayName":"Youtube","name":"projects/canvas-fulcrum-386304","resources":{"hostingSite":"canvas-fulcrum-386304"},"state":"ACTIVE","etag":"1_09a8b0fd-e073-446f-a034-1dbb9a72c01c"}
[info] i  Using project canvas-fulcrum-386304 (Youtube) . 
[info] 
=== Hosting Setup
[debug] [2026-06-03T12:48:19.066Z] Checked if tokens are valid: true, expires at: 1780493063690
[debug] [2026-06-03T12:48:19.066Z] Checked if tokens are valid: true, expires at: 1780493063690
[debug] [2026-06-03T12:48:19.066Z] >>> [apiv2][query] GET https://firebase.googleapis.com/v1beta1/projects/canvas-fulcrum-386304 [none]
[debug] [2026-06-03T12:48:19.777Z] <<< [apiv2][status] GET https://firebase.googleapis.com/v1beta1/projects/canvas-fulcrum-386304 200
[debug] [2026-06-03T12:48:19.777Z] <<< [apiv2][body] GET https://firebase.googleapis.com/v1beta1/projects/canvas-fulcrum-386304 {"projectId":"canvas-fulcrum-386304","projectNumber":"202094663984","displayName":"Youtube","name":"projects/canvas-fulcrum-386304","resources":{"hostingSite":"canvas-fulcrum-386304"},"state":"ACTIVE","etag":"1_09a8b0fd-e073-446f-a034-1dbb9a72c01c"}
[info] 
[info] Your public directory is the folder (relative to your project directory) that
[info] will contain Hosting assets to be uploaded with firebase deploy. If you
[info] have a build process for your assets, use your build's output directory.
[info] 
[info] 
[info] i  Detected a .git folder at D:\Documents\Projects\portfolio-final\my-portfolio 
[info] i  Authorizing with GitHub to upload your service account to a GitHub repository's secrets store. 
[info] 
[info] Visit this URL on this device to log in:
[info] https://github.com/login/oauth/authorize?client_id=89cf50f02ac6aaed3484&state=116733774&redirect_uri=http%3A%2F%2Flocalhost%3A9005&scope=read%3Auser%20repo%20public_repo
[info] 
[info] Waiting for authentication...
[debug] [2026-06-03T12:48:32.919Z] >>> [apiv2][query] POST https://github.com/login/oauth/access_token [none]
[debug] [2026-06-03T12:48:32.920Z] >>> [apiv2][body] POST https://github.com/login/oauth/access_token [stream]
[debug] [2026-06-03T12:48:33.564Z] <<< [apiv2][status] POST https://github.com/login/oauth/access_token 200
[debug] [2026-06-03T12:48:33.564Z] <<< [apiv2][body] POST https://github.com/login/oauth/access_token {"access_token":"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","token_type":"bearer","scope":"read:user,repo"}
[debug] [2026-06-03T12:48:33.575Z] >>> [apiv2][query] GET https://api.github.com/user [none]
[debug] [2026-06-03T12:48:34.172Z] <<< [apiv2][status] GET https://api.github.com/user 200
[debug] [2026-06-03T12:48:34.173Z] <<< [apiv2][body] GET https://api.github.com/user {"login":"PrateekDahiya","id":100485095,"node_id":"U_kgDOBf1H5w","avatar_url":"https://avatars.githubusercontent.com/u/100485095?v=4","gravatar_id":"","url":"https://api.github.com/users/PrateekDahiya","html_url":"https://github.com/PrateekDahiya","followers_url":"https://api.github.com/users/PrateekDahiya/followers","following_url":"https://api.github.com/users/PrateekDahiya/following{/other_user}","gists_url":"https://api.github.com/users/PrateekDahiya/gists{/gist_id}","starred_url":"https://api.github.com/users/PrateekDahiya/starred{/owner}{/repo}","subscriptions_url":"https://api.github.com/users/PrateekDahiya/subscriptions","organizations_url":"https://api.github.com/users/PrateekDahiya/orgs","repos_url":"https://api.github.com/users/PrateekDahiya/repos","events_url":"https://api.github.com/users/PrateekDahiya/events{/privacy}","received_events_url":"https://api.github.com/users/PrateekDahiya/received_events","type":"User","user_view_type":"private","site_admin":false,"name":"Prateek Dahiya","company":null,"blog":"","location":null,"email":null,"hireable":null,"bio":null,"twitter_username":null,"notification_email":null,"public_repos":16,"public_gists":0,"followers":5,"following":6,"created_at":"2022-02-26T17:07:38Z","updated_at":"2026-06-03T12:13:47Z","private_gists":0,"total_private_repos":5,"owned_private_repos":5,"disk_usage":162040,"collaborators":2,"two_factor_authentication":false,"plan":{"name":"free","space":976562499,"collaborators":0,"private_repos":10000}}
[info] 
[info] +  Success! Logged into GitHub as PrateekDahiya 
[info] 
[debug] [2026-06-03T12:48:38.526Z] >>> [apiv2][query] GET https://api.github.com/repos//actions/secrets/public-key type=owner
[debug] [2026-06-03T12:48:38.773Z] <<< [apiv2][status] GET https://api.github.com/repos//actions/secrets/public-key 404
[debug] [2026-06-03T12:48:38.773Z] <<< [apiv2][body] GET https://api.github.com/repos//actions/secrets/public-key {"message":"Not Found","documentation_url":"https://docs.github.com/rest","status":"404"}
[info] 
[info] 
[error] !  The provided authorization cannot be used with this repository. If this repository is in an organization, did you remember to grant access? 
[info] 
[info] i  Action required: Visit this URL to ensure access has been granted to the appropriate organization(s) for the Firebase CLI GitHub OAuth App: 
[info] https://github.com/settings/connections/applications/89cf50f02ac6aaed3484
[info] 
[debug] [2026-06-03T12:48:45.231Z] ExitPromptError: User force closed the prompt with SIGINT
    at Interface.sigint (C:\Users\prate\AppData\Roaming\npm\node_modules\firebase-tools\node_modules\@inquirer\core\dist\commonjs\lib\create-prompt.js:101:37)
    at Interface.emit (node:events:509:28)
    at [_ttyWrite] [as _ttyWrite] (node:internal/readline/interface:1327:18)
    at ReadStream.onkeypress (node:internal/readline/interface:284:20)
    at ReadStream.emit (node:events:521:24)
    at emitKeys (node:internal/readline/utils:371:14)
    at emitKeys.next (<anonymous>)
    at ReadStream.onData (node:internal/readline/emitKeypressEvents:64:36)
    at ReadStream.emit (node:events:509:28)
    at addChunk (node:internal/streams/readable:563:12)
[error] 
[error] Error: An unexpected error has occurred.
